  Determining projects to restore...
  All projects are up-to-date for restore.
  OutfitApp.Core -> C:\Users\berk\RiderProjects\OutfitApp\OutfitApp.Core\bin\Debug\net9.0\OutfitApp.Core.dll
C:\Users\berk\RiderProjects\OutfitApp\OutfitApp.Infrastructure\Services\AzureBlobStorageService.cs(9,40): error CS0535: 'AzureBlobStorageService' does not implement interface member 'IBlobStorageService.GetBlobUrl(string)' [C:\Users\berk\RiderProjects\OutfitApp\OutfitApp.Infrastructure\OutfitApp.Infrastructure.csproj]

Build FAILED.

C:\Users\berk\RiderProjects\OutfitApp\OutfitApp.Infrastructure\Services\AzureBlobStorageService.cs(9,40): error CS0535: 'AzureBlobStorageService' does not implement interface member 'IBlobStorageService.GetBlobUrl(string)' [C:\Users\berk\RiderProjects\OutfitApp\OutfitApp.Infrastructure\OutfitApp.Infrastructure.csproj]
    0 Warning(s)
    1 Error(s)

Time Elapsed 00:00:00.74
